Archive member included to satisfy reference by file (symbol)

build/native/contiki-ng-native.a(contiki-main.o)
                              /usr/lib/gcc/x86_64-linux-gnu/8/../../../x86_64-linux-gnu/Scrt1.o (main)
build/native/contiki-ng-native.a(autostart.o)
                              build/native/contiki-ng-native.a(contiki-main.o) (autostart_start)
build/native/contiki-ng-native.a(energest.o)
                              build/native/contiki-ng-native.a(contiki-main.o) (energest_init)
build/native/contiki-ng-native.a(etimer.o)
                              build/native/contiki-ng-native.a(contiki-main.o) (etimer_process)
build/native/contiki-ng-native.a(log.o)
                              build/native/contiki-ng-native.a(contiki-main.o) (log_6addr)
build/native/contiki-ng-native.a(ctimer.o)
                              build/native/contiki-ng-native.a(contiki-main.o) (ctimer_init)
build/native/contiki-ng-native.a(rtimer.o)
                              build/native/contiki-ng-native.a(contiki-main.o) (rtimer_init)
build/native/contiki-ng-native.a(node-id.o)
                              build/native/contiki-ng-native.a(contiki-main.o) (node_id_init)
build/native/contiki-ng-native.a(process.o)
                              build/native/contiki-ng-native.a(etimer.o) (process_current)
build/native/contiki-ng-native.a(timer.o)
                              build/native/contiki-ng-native.a(etimer.o) (timer_set)
build/native/contiki-ng-native.a(list.o)
                              build/native/contiki-ng-native.a(ctimer.o) (list_init)
build/native/contiki-ng-native.a(queuebuf.o)
                              build/native/contiki-ng-native.a(contiki-main.o) (queuebuf_init)
build/native/contiki-ng-native.a(packetbuf.o)
                              build/native/contiki-ng-native.a(queuebuf.o) (packetbuf_copyto)
build/native/contiki-ng-native.a(netstack.o)
                              build/native/contiki-ng-native.a(contiki-main.o) (netstack_init)
build/native/contiki-ng-native.a(linkaddr.o)
                              build/native/contiki-ng-native.a(packetbuf.o) (linkaddr_copy)
build/native/contiki-ng-native.a(nullmac.o)
                              build/native/contiki-ng-native.a(contiki-main.o) (nullmac_driver)
build/native/contiki-ng-native.a(uip-ds6.o)
                              build/native/contiki-ng-native.a(contiki-main.o) (uip_ds6_get_link_local)
build/native/contiki-ng-native.a(uip-ds6-route.o)
                              build/native/contiki-ng-native.a(uip-ds6.o) (uip_ds6_route_init)
build/native/contiki-ng-native.a(uip-ds6-nbr.o)
                              build/native/contiki-ng-native.a(uip-ds6.o) (uip_ds6_neighbors_init)
build/native/contiki-ng-native.a(tcpip.o)
                              build/native/contiki-ng-native.a(contiki-main.o) (tcpip_process)
build/native/contiki-ng-native.a(uip6.o)
                              build/native/contiki-ng-native.a(tcpip.o) (uip_aligned_buf)
build/native/contiki-ng-native.a(uip-nd6.o)
                              build/native/contiki-ng-native.a(uip6.o) (uip_nd6_init)
build/native/contiki-ng-native.a(uiplib.o)
                              build/native/contiki-ng-native.a(log.o) (uiplib_ipaddr_snprint)
build/native/contiki-ng-native.a(rpl.o)
                              build/native/contiki-ng-native.a(contiki-main.o) (rpl_lite_driver)
build/native/contiki-ng-native.a(rpl-icmp6.o)
                              build/native/contiki-ng-native.a(rpl.o) (rpl_icmp6_init)
build/native/contiki-ng-native.a(rpl-dag-root.o)
                              build/native/contiki-ng-native.a(rpl.o) (rpl_dag_root_set_prefix)
build/native/contiki-ng-native.a(platform.o)
                              build/native/contiki-ng-native.a(contiki-main.o) (platform_process_args)
build/native/contiki-ng-native.a(clock.o)
                              build/native/contiki-ng-native.a(etimer.o) (clock_time)
build/native/contiki-ng-native.a(tun6-net.o)
                              build/native/contiki-ng-native.a(contiki-main.o) (tun6_net_driver)
build/native/contiki-ng-native.a(rtimer-arch.o)
                              build/native/contiki-ng-native.a(rtimer.o) (rtimer_arch_init)
build/native/contiki-ng-native.a(watchdog.o)
                              build/native/contiki-ng-native.a(contiki-main.o) (watchdog_init)
build/native/contiki-ng-native.a(stimer.o)
                              build/native/contiki-ng-native.a(uip-ds6.o) (stimer_set)
build/native/contiki-ng-native.a(memb.o)
                              build/native/contiki-ng-native.a(queuebuf.o) (memb_init)
build/native/contiki-ng-native.a(random.o)
                              build/native/contiki-ng-native.a(uip-ds6.o) (random_rand)
build/native/contiki-ng-native.a(button-hal.o)
                              build/native/contiki-ng-native.a(platform.o) (button_hal_init)
build/native/contiki-ng-native.a(serial-line.o)
[...]
Memory Configuration

Name             Origin             Length             Attributes
*default*        0x0000000000000000 0xffffffffffffffff

Linker script and memory map

LOAD /usr/lib/gcc/x86_64-linux-gnu/8/../../../x86_64-linux-gnu/Scrt1.o
LOAD /usr/lib/gcc/x86_64-linux-gnu/8/../../../x86_64-linux-gnu/crti.o
LOAD /usr/lib/gcc/x86_64-linux-gnu/8/crtbeginS.o
LOAD test.o
LOAD build/native/contiki-ng-native.a
LOAD /usr/lib/gcc/x86_64-linux-gnu/8/../../../x86_64-linux-gnu/librt.so
LOAD /usr/lib/gcc/x86_64-linux-gnu/8/libgcc.a
LOAD /usr/lib/gcc/x86_64-linux-gnu/8/libgcc_s.so
START GROUP
LOAD /usr/lib/gcc/x86_64-linux-gnu/8/libgcc_s.so.1
LOAD /usr/lib/gcc/x86_64-linux-gnu/8/libgcc.a
END GROUP
LOAD /usr/lib/gcc/x86_64-linux-gnu/8/../../../x86_64-linux-gnu/libc.so
START GROUP
LOAD //lib/x86_64-linux-gnu/libc.so.6
LOAD //usr/lib/x86_64-linux-gnu/libc_nonshared.a
LOAD //lib/x86_64-linux-gnu/ld-linux-x86-64.so.2
END GROUP
LOAD /usr/lib/gcc/x86_64-linux-gnu/8/libgcc.a
LOAD /usr/lib/gcc/x86_64-linux-gnu/8/libgcc_s.so
START GROUP
LOAD /usr/lib/gcc/x86_64-linux-gnu/8/libgcc_s.so.1
LOAD /usr/lib/gcc/x86_64-linux-gnu/8/libgcc.a
END GROUP
LOAD /usr/lib/gcc/x86_64-linux-gnu/8/crtendS.o
LOAD /usr/lib/gcc/x86_64-linux-gnu/8/../../../x86_64-linux-gnu/crtn.o
                [!provide]                        PROVIDE (__executable_start = SEGMENT_START ("text-segment", 0x0))
                0x00000000000002a8                . = (SEGMENT_START ("text-segment", 0x0) + SIZEOF_HEADERS)

.interp         0x00000000000002a8       0x1c
 *(.interp)
 .interp        0x00000000000002a8       0x1c /usr/lib/gcc/x86_64-linux-gnu/8/../../../x86_64-linux-gnu/Scrt1.o

.note.ABI-tag   0x00000000000002c4       0x20
 .note.ABI-tag  0x00000000000002c4       0x20 /usr/lib/gcc/x86_64-linux-gnu/8/../../../x86_64-linux-gnu/Scrt1.o

.note.gnu.build-id
                0x00000000000002e4       0x24
 *(.note.gnu.build-id)
 .note.gnu.build-id
                0x00000000000002e4       0x24 /usr/lib/gcc/x86_64-linux-gnu/8/../../../x86_64-linux-gnu/Scrt1.o

.hash
 *(.hash)

.gnu.hash       0x0000000000000308      0xd9c
 *(.gnu.hash)
 .gnu.hash      0x0000000000000308      0xd9c /usr/lib/gcc/x86_64-linux-gnu/8/../../../x86_64-linux-gnu/Scrt1.o

.dynsym         0x00000000000010a8     0x3000
 *(.dynsym)
 .dynsym        0x00000000000010a8     0x3000 /usr/lib/gcc/x86_64-linux-gnu/8/../../../x86_64-linux-gnu/Scrt1.o

.dynstr         0x00000000000040a8     0x23ee
 *(.dynstr)
 .dynstr        0x00000000000040a8     0x23ee /usr/lib/gcc/x86_64-linux-gnu/8/../../../x86_64-linux-gnu/Scrt1.o

.gnu.version    0x0000000000006496      0x400
 *(.gnu.version)
 .gnu.version   0x0000000000006496      0x400 /usr/lib/gcc/x86_64-linux-gnu/8/../../../x86_64-linux-gnu/Scrt1.o

.gnu.version_d  0x0000000000006898        0x0
 *(.gnu.version_d)
 .gnu.version_d
                0x0000000000006898        0x0 /usr/lib/gcc/x86_64-linux-gnu/8/../../../x86_64-linux-gnu/Scrt1.o

.gnu.version_r  0x0000000000006898       0x50
 *(.gnu.version_r)
 .gnu.version_r
                0x0000000000006898       0x50 /usr/lib/gcc/x86_64-linux-gnu/8/../../../x86_64-linux-gnu/Scrt1.o

.rela.dyn       0x00000000000068e8      0xc00
 *(.rela.init)
 *(.rela.text .rela.text.* .rela.gnu.linkonce.t.*)
 .rela.text.startup
                0x00000000000068e8        0x0 /usr/lib/gcc/x86_64-linux-gnu/8/../../../x86_64-linux-gnu/Scrt1.o
 .rela.text     0x00000000000068e8        0x0 /usr/lib/gcc/x86_64-linux-gnu/8/../../../x86_64-linux-gnu/Scrt1.o
 *(.rela.fini)
 *(.rela.rodata .rela.rodata.* .rela.gnu.linkonce.r.*)
 *(.rela.data .rela.data.* .rela.gnu.linkonce.d.*)
 .rela.data.rel.ro
                0x00000000000068e8      0x1f8 /usr/lib/gcc/x86_64-linux-gnu/8/../../../x86_64-linux-gnu/Scrt1.o
 .rela.data.rel.local
                0x0000000000006ae0      0x660 /usr/lib/gcc/x86_64-linux-gnu/8/../../../x86_64-linux-gnu/Scrt1.o
 .rela.data.rel.ro.local
                0x0000000000007140      0x2d0 /usr/lib/gcc/x86_64-linux-gnu/8/../../../x86_64-linux-gnu/Scrt1.o
 *(.rela.tdata .rela.tdata.* .rela.gnu.linkonce.td.*)
 *(.rela.tbss .rela.tbss.* .rela.gnu.linkonce.tb.*)
 *(.rela.ctors)
 *(.rela.dtors)
 *(.rela.got)
 .rela.got      0x0000000000007410       0x78 /usr/lib/gcc/x86_64-linux-gnu/8/../../../x86_64-linux-gnu/Scrt1.o
 *(.rela.bss .rela.bss.* .rela.gnu.linkonce.b.*)
 .rela.bss      0x0000000000007488       0x30 /usr/lib/gcc/x86_64-linux-gnu/8/../../../x86_64-linux-gnu/Scrt1.o
 *(.rela.ldata .rela.ldata.* .rela.gnu.linkonce.l.*)
 *(.rela.lbss .rela.lbss.* .rela.gnu.linkonce.lb.*)
 *(.rela.lrodata .rela.lrodata.* .rela.gnu.linkonce.lr.*)
 *(.rela.ifunc)
 .rela.ifunc    0x00000000000074b8        0x0 /usr/lib/gcc/x86_64-linux-gnu/8/../../../x86_64-linux-gnu/Scrt1.o
 .rela.fini_array
                0x00000000000074b8       0x18 /usr/lib/gcc/x86_64-linux-gnu/8/../../../x86_64-linux-gnu/Scrt1.o
 .rela.init_array
                0x00000000000074d0       0x18 /usr/lib/gcc/x86_64-linux-gnu/8/../../../x86_64-linux-gnu/Scrt1.o

.rela.plt       0x00000000000074e8      0x2e8
 *(.rela.plt)
 .rela.plt      0x00000000000074e8      0x2e8 /usr/lib/gcc/x86_64-linux-gnu/8/../../../x86_64-linux-gnu/Scrt1.o
                [!provide]                        PROVIDE (__rela_iplt_start = .)
 *(.rela.iplt)
                [!provide]                        PROVIDE (__rela_iplt_end = .)
                0x0000000000008000                . = ALIGN (CONSTANT (MAXPAGESIZE))

.init           0x0000000000008000       0x17
 *(SORT_NONE(.init))
 .init          0x0000000000008000       0x12 /usr/lib/gcc/x86_64-linux-gnu/8/../../../x86_64-linux-gnu/crti.o
                0x0000000000008000                _init
 .init          0x0000000000008012        0x5 /usr/lib/gcc/x86_64-linux-gnu/8/../../../x86_64-linux-gnu/crtn.o

.plt            0x0000000000008020      0x200
 *(.plt)
 .plt           0x0000000000008020      0x200 /usr/lib/gcc/x86_64-linux-gnu/8/../../../x86_64-linux-gnu/Scrt1.o
                0x0000000000008030                putchar@@GLIBC_2.2.5
                0x0000000000008040                __errno_location@@GLIBC_2.2.5
                0x0000000000008050                strncpy@@GLIBC_2.2.5
                0x0000000000008060                puts@@GLIBC_2.2.5
                0x0000000000008070                vsnprintf@@GLIBC_2.2.5
                0x0000000000008080                write@@GLIBC_2.2.5
                0x0000000000008090                system@@GLIBC_2.2.5
                0x00000000000080a0                printf@@GLIBC_2.2.5
                0x00000000000080b0                snprintf@@GLIBC_2.2.5
                0x00000000000080c0                memset@@GLIBC_2.2.5
                0x00000000000080d0                ioctl@@GLIBC_2.2.5
                0x00000000000080e0                close@@GLIBC_2.2.5
                0x00000000000080f0                read@@GLIBC_2.2.5
                0x0000000000008100                srand@@GLIBC_2.2.5
                0x0000000000008110                memcmp@@GLIBC_2.2.5
                0x0000000000008120                strcmp@@GLIBC_2.2.5
                0x0000000000008130                signal@@GLIBC_2.2.5
                0x0000000000008140                fprintf@@GLIBC_2.2.5
                0x0000000000008150                memcpy@@GLIBC_2.14
                0x0000000000008160                select@@GLIBC_2.2.5
                0x0000000000008170                err@@GLIBC_2.2.5
                0x0000000000008180                fflush@@GLIBC_2.2.5
                0x0000000000008190                clock_gettime@@GLIBC_2.2.5
                0x00000000000081a0                setitimer@@GLIBC_2.2.5
                0x00000000000081b0                setvbuf@@GLIBC_2.2.5
                0x00000000000081c0                memmove@@GLIBC_2.2.5
                0x00000000000081d0                open@@GLIBC_2.2.5
                0x00000000000081e0                perror@@GLIBC_2.2.5
                0x00000000000081f0                __cxa_atexit@@GLIBC_2.2.5
                0x0000000000008200                exit@@GLIBC_2.2.5
                0x0000000000008210                rand@@GLIBC_2.2.5
 *(.iplt)

.plt.got        0x0000000000008220        0x8
 *(.plt.got)
 .plt.got       0x0000000000008220        0x8 /usr/lib/gcc/x86_64-linux-gnu/8/../../../x86_64-linux-gnu/Scrt1.o
                0x0000000000008220                __cxa_finalize@@GLIBC_2.2.5

.plt.sec
 *(.plt.sec)

.text           0x0000000000008230     0xbb8e
 *(.text.unlikely .text.*_unlikely .text.unlikely.*)
 *(.text.exit .text.exit.*)
 *(.text.startup .text.startup.*)
 .text.startup  0x0000000000008230      0x306 build/native/contiki-ng-native.a(contiki-main.o)
                0x0000000000008230                main
 *(.text.hot .text.hot.*)
 *(.text .stub .text.* .gnu.linkonce.t.*)
 *fill*         0x0000000000008536        0xa 
 .text          0x0000000000008540       0x2b /usr/lib/gcc/x86_64-linux-gnu/8/../../../x86_64-linux-gnu/Scrt1.o
                0x0000000000008540                _start
 .text          0x000000000000856b        0x0 /usr/lib/gcc/x86_64-linux-gnu/8/../../../x86_64-linux-gnu/crti.o
 *fill*         0x000000000000856b        0x5 
 .text          0x0000000000008570       0xb5 /usr/lib/gcc/x86_64-linux-gnu/8/crtbeginS.o
 *fill*         0x0000000000008625        0xb 
 .text          0x0000000000008630       0x3a test.o
 .text          0x000000000000866a        0x0 build/native/contiki-ng-native.a(contiki-main.o)
 *fill*         0x000000000000866a        0x6 
 .text          0x0000000000008670       0x54 build/native/contiki-ng-native.a(autostart.o)
                0x0000000000008670                autostart_start
                0x00000000000086a0                autostart_exit
 *fill*         0x00000000000086c4        0xc 
 .text          0x00000000000086d0       0x23 build/native/contiki-ng-native.a(energest.o)
                0x00000000000086d0                energest_init
                0x00000000000086e0                energest_flush
                0x00000000000086f0                energest_get_total_time
 *fill*         0x00000000000086f3        0xd 
 .text          0x0000000000008700      0x42d build/native/contiki-ng-native.a(etimer.o)
                0x0000000000008980                etimer_request_poll
                0x0000000000008990                etimer_set
                0x00000000000089b0                etimer_reset_with_new_interval
                0x00000000000089e0                etimer_reset
                0x0000000000008a00                etimer_restart
                0x0000000000008a20                etimer_adjust
                0x0000000000008a50                etimer_expired
                0x0000000000008a60                etimer_expiration_time
                0x0000000000008a70                etimer_start_time
                0x0000000000008a80                etimer_pending
                0x0000000000008a90                etimer_next_expiration_time
                0x0000000000008ab0                etimer_stop
 *fill*         0x0000000000008b2d        0x3 
 .text          0x0000000000008b30      0x398 build/native/contiki-ng-native.a(log.o)
                0x0000000000008b30                log_6addr
                0x0000000000008b60                log_6addr_compact_snprint
                0x0000000000008bd0                log_6addr_compact
                0x0000000000008c10                log_lladdr
                0x0000000000008ca0                log_lladdr_compact
                0x0000000000008cf0                log_bytes
                0x0000000000008d40                log_set_level
                0x0000000000008dd0                log_get_level
                0x0000000000008e60                log_level_to_str
 *fill*         0x0000000000008ec8        0x8 
 .text          0x0000000000008ed0      0x31f build/native/contiki-ng-native.a(ctimer.o)
                0x0000000000008fe0                ctimer_init
                0x0000000000009010                ctimer_set_with_process
                0x0000000000009080                ctimer_set
                0x0000000000009090                ctimer_reset
                0x00000000000090f0                ctimer_restart
                0x0000000000009150                ctimer_stop
                0x00000000000091a0                ctimer_expired
 *fill*         0x00000000000091ef        0x1 
 .text          0x00000000000091f0       0xa9 build/native/contiki-ng-native.a(rtimer.o)
                0x00000000000091f0                rtimer_init
                0x0000000000009200                rtimer_set
                0x0000000000009250                rtimer_run_next
 *fill*         0x0000000000009299        0x7 
 .text          0x00000000000092a0       0x1b build/native/contiki-ng-native.a(node-id.o)
                0x00000000000092a0                node_id_init
 *fill*         0x00000000000092bb        0x5 
 .text          0x00000000000092c0      0x48a build/native/contiki-ng-native.a(process.o)
                0x00000000000094c0                process_alloc_event
                0x00000000000094e0                process_start
                0x0000000000009550                process_exit
                0x0000000000009560                process_init
                0x0000000000009590                process_run
                0x0000000000009680                process_nevents
                0x00000000000096a0                process_post
                0x00000000000096f0                process_post_synch
                0x0000000000009710                process_poll
                0x0000000000009740                process_is_running
 *fill*         0x000000000000974a        0x6 
 .text          0x0000000000009750       0x95 build/native/contiki-ng-native.a(timer.o)
                0x0000000000009750                timer_set
                0x0000000000009770                timer_reset
                0x00000000000097a0                timer_restart
                0x00000000000097b0                timer_expired
                0x00000000000097d0                timer_remaining
 *fill*         0x00000000000097e5        0xb 
 .text          0x00000000000097f0      0x349 build/native/contiki-ng-native.a(list.o)
                0x00000000000097f0                list_init
                0x0000000000009800                list_head
                0x0000000000009810                list_copy
                0x0000000000009820                list_tail
                0x0000000000009840                list_add
                0x00000000000098c0                list_push
                0x0000000000009930                list_chop
                0x0000000000009980                list_pop
                0x0000000000009990                list_remove
                0x00000000000099f0                list_length
                0x0000000000009a20                list_insert
                0x0000000000009af0                list_item_next
                0x0000000000009b10                list_contains
 *fill*         0x0000000000009b39        0x7 
 .text          0x0000000000009b40      0x201 build/native/contiki-ng-native.a(queuebuf.o)
                0x0000000000009b40                queuebuf_init
                0x0000000000009b60                queuebuf_numfree
                0x0000000000009b70                queuebuf_new_from_packetbuf
                0x0000000000009bf0                queuebuf_update_attr_from_packetbuf
                0x0000000000009c10                queuebuf_update_from_packetbuf
                0x0000000000009c40                queuebuf_free
                0x0000000000009c80                queuebuf_to_packetbuf
                0x0000000000009cd0                queuebuf_dataptr
                0x0000000000009d00                queuebuf_datalen
                0x0000000000009d10                queuebuf_addr
                0x0000000000009d30                queuebuf_attr
                0x0000000000009d40                queuebuf_debug_print
 *fill*         0x0000000000009d41        0xf 
 .text          0x0000000000009d50      0x423 build/native/contiki-ng-native.a(packetbuf.o)
                0x0000000000009d50                packetbuf_copyto
                0x0000000000009e30                packetbuf_hdralloc
                0x0000000000009ea0                packetbuf_hdrreduce
                0x0000000000009ed0                packetbuf_set_datalen
                0x0000000000009ee0                packetbuf_dataptr
                0x0000000000009f00                packetbuf_hdrptr
                0x0000000000009f10                packetbuf_datalen
                0x0000000000009f20                packetbuf_hdrlen
                0x0000000000009f30                packetbuf_totlen
                0x0000000000009f50                packetbuf_remaininglen
                0x0000000000009f70                packetbuf_attr_clear
                0x0000000000009fc0                packetbuf_clear
                0x0000000000009fe0                packetbuf_copyfrom
                0x000000000000a080                packetbuf_attr_copyto
                0x000000000000a0b0                packetbuf_attr_copyfrom
                0x000000000000a0e0                packetbuf_set_attr
                0x000000000000a100                packetbuf_attr
                0x000000000000a110                packetbuf_set_addr
                0x000000000000a140                packetbuf_addr
                0x000000000000a160                packetbuf_holds_broadcast
 *fill*         0x000000000000a173        0xd 
 .text          0x000000000000a180       0xba build/native/contiki-ng-native.a(netstack.o)
                0x000000000000a180                netstack_process_ip_callback
                0x000000000000a1f0                netstack_ip_packet_processor_add
                0x000000000000a210                uip_ds6_ip_packet_processor_rm
                0x000000000000a220                netstack_init
 *fill*         0x000000000000a23a        0x6 
 .text          0x000000000000a240       0x2b build/native/contiki-ng-native.a(linkaddr.o)
                0x000000000000a240                linkaddr_copy
                0x000000000000a250                linkaddr_cmp
                0x000000000000a260                linkaddr_set_node_addr
 *fill*         0x000000000000a26b        0x5 
 .text          0x000000000000a270       0x51 build/native/contiki-ng-native.a(nullmac.o)
 *fill*         0x000000000000a2c1        0xf 
 .text          0x000000000000a2d0      0xaee build/native/contiki-ng-native.a(uip-ds6.o)
                0x000000000000a390                uip_ds6_default_prefix
                0x000000000000a3a0                uip_ds6_set_default_prefix
                0x000000000000a3b0                uip_ds6_list_loop
                0x000000000000a3f0                uip_ds6_prefix_add
                0x000000000000a4a0                uip_ds6_prefix_rm
                0x000000000000a4b0                uip_ds6_prefix_lookup
                0x000000000000a510                uip_ds6_is_addr_onlink
                0x000000000000a580                uip_ds6_addr_lookup
                0x000000000000a5e0                uip_ds6_get_link_local
                0x000000000000a650                uip_ds6_get_global
                0x000000000000a6c0                uip_ds6_maddr_add
                0x000000000000a720                uip_ds6_addr_add
                0x000000000000a810                uip_ds6_maddr_rm
                0x000000000000a820                uip_ds6_maddr_lookup
                0x000000000000a8e0                uip_ds6_addr_rm
                0x000000000000a900                uip_ds6_periodic
                0x000000000000a980                uip_ds6_aaddr_add
                0x000000000000a9e0                uip_ds6_aaddr_rm
                0x000000000000a9f0                uip_ds6_aaddr_lookup
                0x000000000000aa50                uip_ds6_select_src
                0x000000000000aba0                uip_ds6_set_addr_iid
                0x000000000000abb0                uip_ds6_set_lladdr_from_iid
                0x000000000000abc0                get_match_length
                0x000000000000ac00                uip_ds6_compute_reachable_time
                0x000000000000ac40                uip_ds6_init
 *fill*         0x000000000000adbe        0x2 
 .text          0x000000000000adc0      0x2ea build/native/contiki-ng-native.a(uip-ds6-route.o)
                0x000000000000adc0                uip_ds6_route_init
                0x000000000000ade0                uip_ds6_route_nexthop
                0x000000000000adf0                uip_ds6_route_head
                0x000000000000ae00                uip_ds6_route_next
                0x000000000000ae10                uip_ds6_route_is_nexthop
                0x000000000000ae20                uip_ds6_route_num_routes
                0x000000000000ae30                uip_ds6_route_lookup
                0x000000000000ae40                uip_ds6_route_add
                0x000000000000ae50                uip_ds6_route_rm
                0x000000000000ae60                uip_ds6_route_rm_by_nexthop
                0x000000000000ae70                uip_ds6_defrt_head
                0x000000000000ae80                uip_ds6_defrt_rm
                0x000000000000aee0                uip_ds6_defrt_lookup
                0x000000000000af30                uip_ds6_defrt_add
                0x000000000000afe0                uip_ds6_defrt_choose
                0x000000000000b040                uip_ds6_defrt_periodic
 *fill*         0x000000000000b0aa        0x6 
 .text          0x000000000000b0b0      0x2c1 build/native/contiki-ng-native.a(uip-ds6-nbr.o)
                0x000000000000b0e0                uip_ds6_nbr_rm
                0x000000000000b100                uip_ds6_neighbors_init
                0x000000000000b120                uip_ds6_nbr_add
                0x000000000000b170                uip_ds6_nbr_update_ll
                0x000000000000b220                uip_ds6_nbr_get_ipaddr
                0x000000000000b230                uip_ds6_nbr_get_ll
                0x000000000000b240                uip_ds6_nbr_num
                0x000000000000b280                uip_ds6_nbr_head
                0x000000000000b290                uip_ds6_nbr_next
                0x000000000000b2a0                uip_ds6_nbr_lookup
                0x000000000000b320                uip_ds6_nbr_ll_lookup
                0x000000000000b330                uip_ds6_nbr_ipaddr_from_lladdr
                0x000000000000b340                uip_ds6_nbr_lladdr_from_ipaddr
                0x000000000000b370                uip_ds6_link_callback
 *fill*         0x000000000000b371        0xf 
 .text          0x000000000000b380      0x505 build/native/contiki-ng-native.a(tcpip.o)
                0x000000000000b380                tcpip_output
                0x000000000000b3b0                udp_attach
                0x000000000000b3c0                udp_new
                0x000000000000b3f0                udp_broadcast_new
                0x000000000000b440                tcpip_input
                0x000000000000b480                tcpip_ipv6_output
                0x000000000000b820                tcpip_poll_udp
                0x000000000000b840                tcpip_uipcall
 *fill*         0x000000000000b885        0xb 
 .text          0x000000000000b890      0xbae build/native/contiki-ng-native.a(uip6.o)
                0x000000000000ba60                uip_chksum
                0x000000000000ba80                uip_icmp6chksum
                0x000000000000ba90                uip_udpchksum
                0x000000000000baa0                uip_init
                0x000000000000bb20                uip_remove_ext_hdr
                0x000000000000bbd0                uip_udp_new
                0x000000000000bc90                uip_process
                0x000000000000c380                uip_htons
                0x000000000000c390                uip_htonl
                0x000000000000c3b0                uip_send
 *fill*         0x000000000000c43e        0x2 
 .text          0x000000000000c440      0x40c build/native/contiki-ng-native.a(uip-nd6.o)
                0x000000000000c840                uip_nd6_init
 *fill*         0x000000000000c84c        0x4 
 .text          0x000000000000c850      0x4bf build/native/contiki-ng-native.a(uiplib.o)
                0x000000000000c850                uiplib_ip6addrconv
                0x000000000000ca60                uiplib_ip4addrconv
                0x000000000000cb00                uiplib_ipaddr_snprint
                0x000000000000cce0                uiplib_ipaddr_print
 *fill*         0x000000000000cd0f        0x1 
 .text          0x000000000000cd10      0x4c8 build/native/contiki-ng-native.a(rpl.o)
                0x000000000000cd10                rpl_has_joined
                0x000000000000cd30                rpl_is_reachable
                0x000000000000cd90                rpl_get_leaf_only
                0x000000000000cea0                rpl_link_callback
                0x000000000000cf00                rpl_lollipop_greater_than
                0x000000000000cf50                rpl_get_global_address
                0x000000000000d020                rpl_reset_prefix
                0x000000000000d060                rpl_set_prefix_from_addr
                0x000000000000d190                rpl_set_prefix
                0x000000000000d1d0                rpl_set_leaf_only
 *fill*         0x000000000000d1d8        0x8 
 .text          0x000000000000d1e0      0xcc8 build/native/contiki-ng-native.a(rpl-icmp6.o)
                0x000000000000d880                rpl_icmp6_update_nbr_table
                0x000000000000d8d0                rpl_icmp6_dis_output
                0x000000000000d910                rpl_icmp6_dio_output
                0x000000000000dd20                rpl_icmp6_dao_output
                0x000000000000de10                rpl_icmp6_dao_ack_output
                0x000000000000de70                rpl_icmp6_init
 *fill*         0x000000000000dea8        0x8 
 .text          0x000000000000deb0      0x1f0 build/native/contiki-ng-native.a(rpl-dag-root.o)
                0x000000000000df30                rpl_dag_root_print_links
                0x000000000000dfb0                rpl_dag_root_set_prefix
                0x000000000000dfe0                rpl_dag_root_start
                0x000000000000e080                rpl_dag_root_is_root
 .text          0x000000000000e0a0      0x3f8 build/native/contiki-ng-native.a(platform.o)
                0x000000000000e0f0                select_set_callback
                0x000000000000e190                native_uart_set_input
                0x000000000000e1a0                platform_process_args
                0x000000000000e1b0                platform_init_stage_one
                0x000000000000e1d0                platform_init_stage_two
                0x000000000000e220                platform_init_stage_three
                0x000000000000e2f0                platform_main_loop
                0x000000000000e460                log_message
                0x000000000000e480                uip_log
 *fill*         0x000000000000e498        0x8 
 .text          0x000000000000e4a0       0x81 build/native/contiki-ng-native.a(clock.o)
                0x000000000000e4a0                clock_time
                0x000000000000e4f0                clock_seconds
                0x000000000000e510                clock_delay
                0x000000000000e520                clock_init
 *fill*         0x000000000000e521        0xf 
 .text          0x000000000000e530      0x460 build/native/contiki-ng-native.a(tun6-net.o)
 .text          0x000000000000e990       0x99 build/native/contiki-ng-native.a(rtimer-arch.o)
                0x000000000000e9b0                rtimer_arch_init
                0x000000000000e9d0                rtimer_arch_schedule
 *fill*         0x000000000000ea29        0x7 
 .text          0x000000000000ea30       0x4e build/native/contiki-ng-native.a(watchdog.o)
                0x000000000000ea30                watchdog_init
                0x000000000000ea40                watchdog_start
                0x000000000000ea50                watchdog_periodic
                0x000000000000ea60                watchdog_stop
                0x000000000000ea70                watchdog_reboot
 *fill*         0x000000000000ea7e        0x2 
 .text          0x000000000000ea80       0xbe build/native/contiki-ng-native.a(stimer.o)
                0x000000000000ea80                stimer_set
                0x000000000000eaa0                stimer_reset
                0x000000000000ead0                stimer_restart
                0x000000000000eae0                stimer_expired
                0x000000000000eb10                stimer_remaining
                0x000000000000eb30                stimer_elapsed
 *fill*         0x000000000000eb3e        0x2 
 .text          0x000000000000eb40      0x14b build/native/contiki-ng-native.a(memb.o)
                0x000000000000eb40                memb_init
                0x000000000000eb70                memb_alloc
                0x000000000000ebd0                memb_free
                0x000000000000ec20                memb_inmemb
                0x000000000000ec50                memb_numfree
 *fill*         0x000000000000ec8b        0x5 
 .text          0x000000000000ec90       0x1e build/native/contiki-ng-native.a(random.o)
                0x000000000000ec90                random_init
                0x000000000000eca0                random_rand
 *fill*         0x000000000000ecae        0x2 
 .text          0x000000000000ecb0      0x34e build/native/contiki-ng-native.a(button-hal.o)
                0x000000000000ede0                button_hal_get_by_id
                0x000000000000ee20                button_hal_get_by_index
                0x000000000000ee50                button_hal_get_state
                0x000000000000ef30                button_hal_init
 *fill*         0x000000000000effe        0x2 
 .text          0x000000000000f000      0x1be build/native/contiki-ng-native.a(serial-line.o)
                0x000000000000f120                serial_line_input_byte
                0x000000000000f190                serial_line_init
 *fill*         0x000000000000f1be        0x2 
 .text          0x000000000000f1c0       0x83 build/native/contiki-ng-native.a(leds.o)
                0x000000000000f1c0                leds_init
                0x000000000000f1d0                leds_single_on
                0x000000000000f1e0                leds_single_off
                0x000000000000f1f0                leds_single_toggle
                0x000000000000f200                leds_on
                0x000000000000f210                leds_off
                0x000000000000f220                leds_toggle
                0x000000000000f230                leds_set
                0x000000000000f240                leds_get
 *fill*         0x000000000000f243        0xd 
 .text          0x000000000000f250       0xf3 build/native/contiki-ng-native.a(nullradio.o)
 *fill*         0x000000000000f343        0xd 
 .text          0x000000000000f350      0x104 build/native/contiki-ng-native.a(gpio-hal.o)
                0x000000000000f350                gpio_hal_register_handler
                0x000000000000f360                gpio_hal_event_handler
                0x000000000000f3b0                gpio_hal_init
                0x000000000000f3d0                gpio_hal_arch_port_toggle_pin
                0x000000000000f3f0                gpio_hal_arch_port_toggle_pins
                0x000000000000f410                gpio_hal_arch_no_port_toggle_pin
                0x000000000000f440                gpio_hal_arch_no_port_toggle_pins
 *fill*         0x000000000000f454        0xc 
 .text          0x000000000000f460      0x6e3 build/native/contiki-ng-native.a(nbr-table.o)
                0x000000000000f4e0                nbr_table_register
                0x000000000000f540                nbr_table_is_registered
                0x000000000000f570                nbr_table_next
                0x000000000000f610                nbr_table_head
                0x000000000000f680                nbr_table_add_lladdr
                0x000000000000f990                nbr_table_get_from_lladdr
                0x000000000000f9f0                nbr_table_remove
                0x000000000000fa70                nbr_table_lock
                0x000000000000fac0                nbr_table_unlock
                0x000000000000fb10                nbr_table_get_lladdr
 *fill*         0x000000000000fb43        0xd 
 .text          0x000000000000fb50      0x3c0 build/native/contiki-ng-native.a(link-stats.o)
                0x000000000000fb90                link_stats_from_lladdr
                0x000000000000fba0                link_stats_get_lladdr
                0x000000000000fbb0                link_stats_is_fresh
                0x000000000000fbf0                guess_etx_from_rssi
                0x000000000000fc40                link_stats_packet_sent
                0x000000000000fdc0                link_stats_input_callback
                0x000000000000fe90                link_stats_reset
                0x000000000000fee0                link_stats_init
 .text          0x000000000000ff10      0x3a1 build/native/contiki-ng-native.a(uipbuf.o)
                0x000000000000ff10                uipbuf_clear
                0x000000000000ff50                uipbuf_add_ext_hdr
                0x000000000000ff90                uipbuf_set_len
                0x000000000000ffb0                uipbuf_set_len_field
                0x000000000000ffc0                uipbuf_get_len_field
                0x000000000000ffd0                uipbuf_get_next_header
                0x0000000000010090                uipbuf_get_last_header
                0x0000000000010110                uipbuf_search_header
                0x00000000000101b0                uipbuf_get_attr
                0x00000000000101d0                uipbuf_set_attr
                0x0000000000010200                uipbuf_set_default_attr
                0x0000000000010230                uipbuf_clear_attr
                0x0000000000010250                uipbuf_set_attr_flag
                0x0000000000010260                uipbuf_clr_attr_flag
                0x0000000000010270                uipbuf_is_attr_flag
                0x0000000000010290                uipbuf_init
 *fill*         0x00000000000102b1        0xf 
 .text          0x00000000000102c0      0x49e build/native/contiki-ng-native.a(uip-icmp6.o)
                0x00000000000103f0                uip_icmp6_input
                0x0000000000010460                uip_icmp6_register_input_handler
                0x0000000000010470                uip_icmp6_error_output
                0x0000000000010630                uip_icmp6_send
                0x00000000000106f0                uip_icmp6_echo_reply_callback_add
                0x0000000000010720                uip_icmp6_echo_reply_callback_rm
                0x0000000000010730                uip_icmp6_init
 *fill*         0x000000000001075e        0x2 
 .text          0x0000000000010760      0x533 build/native/contiki-ng-native.a(uip-sr.o)
                0x00000000000107a0                uip_sr_num_nodes
                0x00000000000107b0                uip_sr_get_node
                0x0000000000010820                uip_sr_is_addr_reachable
                0x00000000000108b0                uip_sr_expire_parent
                0x0000000000010900                uip_sr_update_node
                0x0000000000010a10                uip_sr_init
                0x0000000000010a40                uip_sr_node_head
                0x0000000000010a50                uip_sr_node_next
                0x0000000000010a60                uip_sr_periodic
                0x0000000000010b30                uip_sr_free_all
                0x0000000000010b90                uip_sr_link_snprint
 *fill*         0x0000000000010c93        0xd 
 .text          0x0000000000010ca0      0x110 build/native/contiki-ng-native.a(uip-packetqueue)
                0x0000000000010cc0                uip_packetqueue_new
                0x0000000000010cd0                uip_packetqueue_alloc
                0x0000000000010d30                uip_packetqueue_free
                0x0000000000010d70                uip_packetqueue_buf
                0x0000000000010d80                uip_packetqueue_buflen
                0x0000000000010da0                uip_packetqueue_set_buflen
 .text          0x0000000000010db0      0xc45 build/native/contiki-ng-native.a(rpl-dag.o)
                0x0000000000011170                rpl_dag_state_to_str
                0x00000000000111b0                rpl_dag_get_root_ipaddr
                0x00000000000111e0                rpl_dag_leave
                0x0000000000011260                rpl_dag_poison_and_leave
                0x0000000000011270                rpl_dag_periodic
                0x00000000000112f0                rpl_is_addr_in_our_dag
                0x0000000000011340                rpl_get_default_instance
                0x0000000000011360                rpl_get_any_dag
                0x0000000000011380                rpl_refresh_routes
                0x00000000000113b0                rpl_global_repair
                0x0000000000011400                rpl_local_repair
                0x0000000000011420                rpl_dag_ready_to_advertise
                0x0000000000011460                rpl_dag_update_state
                0x0000000000011480                rpl_process_dio
                0x0000000000011710                rpl_process_dis
                0x0000000000011750                rpl_process_dao
                0x00000000000117d0                rpl_process_dao_ack
                0x0000000000011870                rpl_process_hbh
                0x00000000000118c0                rpl_dag_init_root
                0x00000000000119e0                rpl_dag_init
 *fill*         0x00000000000119f5        0xb 
 .text          0x0000000000011a00      0x863 build/native/contiki-ng-native.a(rpl-neighbor.o)
                0x0000000000011a60                rpl_neighbor_count
                0x0000000000011aa0                rpl_neighbor_get_from_lladdr
                0x0000000000011ab0                rpl_neighbor_is_acceptable_parent
                0x0000000000011ae0                rpl_neighbor_get_link_metric
                0x0000000000011b10                rpl_neighbor_rank_via_nbr
                0x0000000000011b40                rpl_neighbor_get_lladdr
                0x0000000000011b50                rpl_neighbor_get_ipaddr
                0x0000000000011b70                rpl_neighbor_get_link_stats
                0x0000000000011c90                rpl_neighbor_snprint
                0x0000000000011fb0                rpl_neighbor_print_list
                0x0000000000012020                rpl_neighbor_is_fresh
                0x0000000000012040                rpl_neighbor_is_reachable
                0x0000000000012090                rpl_neighbor_is_parent
                0x00000000000120b0                rpl_neighbor_set_preferred_parent
                0x0000000000012130                rpl_neighbor_remove_all
                0x0000000000012180                rpl_neighbor_get_from_ipaddr
                0x00000000000121b0                rpl_neighbor_select_best
                0x0000000000012250                rpl_neighbor_init
 *fill*         0x0000000000012263        0xd 
 .text          0x0000000000012270      0x937 build/native/contiki-ng-native.a(rpl-timers.o)
                0x0000000000012530                rpl_timers_schedule_periodic_dis
                0x0000000000012650                rpl_timers_dio_reset
                0x00000000000126a0                rpl_timers_schedule_unicast_dio
                0x00000000000126d0                rpl_timers_schedule_dao
                0x0000000000012730                rpl_timers_schedule_dao_ack
                0x0000000000012770                rpl_timers_notify_dao_ack
                0x00000000000127f0                get_probing_delay
                0x0000000000012810                get_probing_target
                0x00000000000129d0                rpl_schedule_probing
                0x00000000000129f0                rpl_schedule_probing_now
                0x0000000000012a40                rpl_timers_unschedule_leaving
                0x0000000000012a80                rpl_timers_schedule_leaving
                0x0000000000012ad0                rpl_timers_init
                0x0000000000012b00                rpl_timers_stop_dag_timers
                0x0000000000012b60                rpl_timers_unschedule_state_update
                0x0000000000012b80                rpl_timers_schedule_state_update
 *fill*         0x0000000000012ba7        0x9 
 .text          0x0000000000012bb0      0xac7 build/native/contiki-ng-native.a(rpl-ext-header.)
                0x0000000000012c20                rpl_ext_header_srh_get_next_hop
                0x0000000000012cc0                rpl_ext_header_srh_update
                0x0000000000012f10                rpl_ext_header_hbh_update
                0x0000000000012fd0                rpl_ext_header_remove
                0x0000000000013120                rpl_ext_header_update
 *fill*         0x0000000000013677        0x9 
 .text          0x0000000000013680      0x131 build/native/contiki-ng-native.a(rpl-nbr-policy.)
                0x0000000000013720                rpl_nbr_policy_find_removable
 *fill*         0x00000000000137b1        0xf 
 .text          0x00000000000137c0      0x295 build/native/contiki-ng-native.a(rpl-mrhof.o)
 .text          0x0000000000013a55        0x0 build/native/contiki-ng-native.a(buttons.o)
 *fill*         0x0000000000013a55        0xb 
 .text          0x0000000000013a60       0x4c build/native/contiki-ng-native.a(int-master.o)
                0x0000000000013a60                int_master_enable
                0x0000000000013a70                int_master_read_and_disable
                0x0000000000013a90                int_master_status_set
                0x0000000000013aa0                int_master_is_enabled
 *fill*         0x0000000000013aac        0x4 
 .text          0x0000000000013ab0      0x1ca build/native/contiki-ng-native.a(gpio-hal-arch.o)
                0x0000000000013ab0                gpio_hal_arch_init
                0x0000000000013ac0                gpio_hal_arch_no_port_interrupt_enable
                0x0000000000013ad0                gpio_hal_arch_no_port_interrupt_disable
                0x0000000000013ae0                gpio_hal_arch_no_port_pin_cfg_set
                0x0000000000013b00                gpio_hal_arch_no_port_pin_cfg_get
                0x0000000000013b20                gpio_hal_arch_no_port_pin_set_input
                0x0000000000013b30                gpio_hal_arch_no_port_pin_set_output
                0x0000000000013b40                gpio_hal_arch_no_port_set_pin
                0x0000000000013b60                gpio_hal_arch_no_port_clear_pin
                0x0000000000013b80                gpio_hal_arch_no_port_read_pin
                0x0000000000013ba0                gpio_hal_arch_no_port_write_pin
                0x0000000000013bc0                gpio_hal_arch_no_port_set_pins
                0x0000000000013bf0                gpio_hal_arch_no_port_clear_pins
                0x0000000000013c20                gpio_hal_arch_no_port_read_pins
                0x0000000000013c50                gpio_hal_arch_no_port_write_pins
 *fill*         0x0000000000013c7a        0x6 
 .text          0x0000000000013c80       0xb1 build/native/contiki-ng-native.a(ringbuf.o)
                0x0000000000013c80                ringbuf_init
                0x0000000000013c90                ringbuf_put
                0x0000000000013cd0                ringbuf_get
                0x0000000000013d10                ringbuf_size
                0x0000000000013d20                ringbuf_elements
 *fill*         0x0000000000013d31        0xf 
 .text          0x0000000000013d40       0x61 //usr/lib/x86_64-linux-gnu/libc_nonshared.a(elf-init.oS)
                0x0000000000013d40                __libc_csu_init
                0x0000000000013da0                __libc_csu_fini
 *fill*         0x0000000000013da1        0xf 
 .text          0x0000000000013db0        0xe //usr/lib/x86_64-linux-gnu/libc_nonshared.a(atexit.oS)
                0x0000000000013db0                atexit
 .text          0x0000000000013dbe        0x0 /usr/lib/gcc/x86_64-linux-gnu/8/crtendS.o
 .text          0x0000000000013dbe        0x0 /usr/lib/gcc/x86_64-linux-gnu/8/../../../x86_64-linux-gnu/crtn.o
 *(.gnu.warning)

.fini           0x0000000000013dc0        0x9
 *(SORT_NONE(.fini))
 .fini          0x0000000000013dc0        0x4 /usr/lib/gcc/x86_64-linux-gnu/8/../../../x86_64-linux-gnu/crti.o
                0x0000000000013dc0                _fini
 .fini          0x0000000000013dc4        0x5 /usr/lib/gcc/x86_64-linux-gnu/8/../../../x86_64-linux-gnu/crtn.o
                [!provide]                        PROVIDE (__etext = .)
                [!provide]                        PROVIDE (_etext = .)
                [!provide]                        PROVIDE (etext = .)
                0x0000000000014000                . = ALIGN (CONSTANT (MAXPAGESIZE))
                0x0000000000014000                . = SEGMENT_START ("rodata-segment", (ALIGN (CONSTANT (MAXPAGESIZE)) + (. & (CONSTANT (MAXPAGESIZE) - 0x1))))

.rodata         0x0000000000014000      0x581
 *(.rodata .rodata.* .gnu.linkonce.r.*)
 .rodata.cst4   0x0000000000014000        0x4 /usr/lib/gcc/x86_64-linux-gnu/8/../../../x86_64-linux-gnu/Scrt1.o
                0x0000000000014000                _IO_stdin_used
 .rodata.str1.1
                0x0000000000014004       0x1a test.o
 .rodata.str1.1
                0x000000000001401e       0x7a build/native/contiki-ng-native.a(contiki-main.o)
 .rodata.str1.8
                0x0000000000014098       0x7c build/native/contiki-ng-native.a(contiki-main.o)
 .rodata.str1.1
                0x0000000000014114        0xc build/native/contiki-ng-native.a(etimer.o)
 .rodata.str1.1
                0x0000000000014120       0xa5 build/native/contiki-ng-native.a(log.o)
                                         0xac (size before relaxing)
 *fill*         0x00000000000141c5        0x3 
 .rodata        0x00000000000141c8       0x14 build/native/contiki-ng-native.a(log.o)
 .rodata.str1.1
                0x00000000000141dc        0xf build/native/contiki-ng-native.a(ctimer.o)
 *fill*         0x00000000000141eb        0x5 
 .rodata        0x00000000000141f0        0x8 build/native/contiki-ng-native.a(linkaddr.o)
                0x00000000000141f0                linkaddr_null
 .rodata.str1.1
                0x00000000000141f8        0x8 build/native/contiki-ng-native.a(nullmac.o)
 .rodata.str1.1
                0x0000000000014200        0xd build/native/contiki-ng-native.a(tcpip.o)
 .rodata.str1.1
                0x000000000001420d       0x28 build/native/contiki-ng-native.a(uiplib.o)
                                         0x2d (size before relaxing)
 .rodata.str1.1
                0x0000000000014235        0x9 build/native/contiki-ng-native.a(rpl.o)
 .rodata.str1.1
                0x000000000001423e       0x2f build/native/contiki-ng-native.a(platform.o)
                                         0x47 (size before relaxing)
 *fill*         0x000000000001426d        0x3 
 .rodata        0x0000000000014270        0x8 build/native/contiki-ng-native.a(platform.o)
 .rodata.str1.1
                0x0000000000014278       0xa6 build/native/contiki-ng-native.a(tun6-net.o)
                                         0xb9 (size before relaxing)
 *fill*         0x000000000001431e        0x2 
 .rodata.str1.8
                0x0000000000014320       0xc7 build/native/contiki-ng-native.a(tun6-net.o)
 .rodata.str1.1
                0x00000000000143e7       0x13 build/native/contiki-ng-native.a(button-hal.o)
 .rodata.str1.1
                0x00000000000143fa        0xe build/native/contiki-ng-native.a(serial-line.o)
 .rodata.str1.1
                0x0000000000014408       0x44 build/native/contiki-ng-native.a(uip-sr.o)
 .rodata.str1.1
                0x000000000001444c       0xc9 build/native/contiki-ng-native.a(rpl-dag.o)
 *fill*         0x0000000000014515        0x3 
 .rodata.str1.8
                0x0000000000014518       0x28 build/native/contiki-ng-native.a(rpl-neighbor.o)
                                         0x22 (size before relaxing)
 .rodata.str1.1
                0x0000000000014540       0x34 build/native/contiki-ng-native.a(rpl-neighbor.o)
                                         0x36 (size before relaxing)
 .rodata.str1.1
                0x0000000000014574        0xc build/native/contiki-ng-native.a(rpl-timers.o)
 .rodata        0x0000000000014580        0x1 build/native/contiki-ng-native.a(buttons.o)
                0x0000000000014580                button_hal_button_count

.rodata1
 *(.rodata1)

.eh_frame_hdr   0x0000000000014584      0xfd4
 *(.eh_frame_hdr)
 .eh_frame_hdr  0x0000000000014584      0xfd4 /usr/lib/gcc/x86_64-linux-gnu/8/../../../x86_64-linux-gnu/Scrt1.o
                0x0000000000014584                __GNU_EH_FRAME_HDR
 *(.eh_frame_entry .eh_frame_entry.*)

.eh_frame       0x0000000000015558     0x3c68
 *(.eh_frame)
 .eh_frame      0x0000000000015558       0x30 /usr/lib/gcc/x86_64-linux-gnu/8/../../../x86_64-linux-gnu/Scrt1.o
                                         0x2c (size before relaxing)
 *fill*         0x0000000000015588        0x0 
 .eh_frame      0x0000000000015588       0x40 /usr/lib/gcc/x86_64-linux-gnu/8/../../../x86_64-linux-gnu/Scrt1.o
 .eh_frame      0x00000000000155c8       0x18 /usr/lib/gcc/x86_64-linux-gnu/8/../../../x86_64-linux-gnu/Scrt1.o
                                         0x30 (size before relaxing)
 .eh_frame      0x00000000000155e0       0x20 test.o
                                         0x38 (size before relaxing)
 .eh_frame      0x0000000000015600       0x20 build/native/contiki-ng-native.a(contiki-main.o)
                                         0x38 (size before relaxing)
 .eh_frame      0x0000000000015620       0x38 build/native/contiki-ng-native.a(autostart.o)
                                         0x50 (size before relaxing)
 .eh_frame      0x0000000000015658       0x40 build/native/contiki-ng-native.a(energest.o)
                                         0x58 (size before relaxing)
 .eh_frame      0x0000000000015698      0x1b0 build/native/contiki-ng-native.a(etimer.o)
                                        0x1c8 (size before relaxing)
 .eh_frame      0x0000000000015848      0x180 build/native/contiki-ng-native.a(log.o)
                                        0x198 (size before relaxing)
 .eh_frame      0x00000000000159c8      0x138 build/native/contiki-ng-native.a(ctimer.o)
                                        0x150 (size before relaxing)
 .eh_frame      0x0000000000015b00       0x50 build/native/contiki-ng-native.a(rtimer.o)
                                         0x68 (size before relaxing)
 .eh_frame      0x0000000000015b50       0x18 build/native/contiki-ng-native.a(node-id.o)
                                         0x30 (size before relaxing)
 .eh_frame      0x0000000000015b68      0x188 build/native/contiki-ng-native.a(process.o)
                                        0x1a0 (size before relaxing)
 .eh_frame      0x0000000000015cf0       0x90 build/native/contiki-ng-native.a(timer.o)
                                         0xa8 (size before relaxing)
 .eh_frame      0x0000000000015d80      0x108 build/native/contiki-ng-native.a(list.o)
                                        0x120 (size before relaxing)
 .eh_frame      0x0000000000015e88      0x138 build/native/contiki-ng-native.a(queuebuf.o)
                                        0x150 (size before relaxing)
 .eh_frame      0x0000000000015fc0      0x1c0 build/native/contiki-ng-native.a(packetbuf.o)
                                        0x1d8 (size before relaxing)
 .eh_frame      0x0000000000016180       0x78 build/native/contiki-ng-native.a(netstack.o)
                                         0x90 (size before relaxing)
 .eh_frame      0x00000000000161f8       0x40 build/native/contiki-ng-native.a(linkaddr.o)
                                         0x58 (size before relaxing)
 .eh_frame      0x0000000000016238       0x78 build/native/contiki-ng-native.a(nullmac.o)
                                         0x90 (size before relaxing)
 .eh_frame      0x00000000000162b0      0x3c0 build/native/contiki-ng-native.a(uip-ds6.o)
                                        0x3d8 (size before relaxing)
 .eh_frame      0x0000000000016670      0x1b8 build/native/contiki-ng-native.a(uip-ds6-route.o)
                                        0x1d0 (size before relaxing)
 .eh_frame      0x0000000000016828      0x1c0 build/native/contiki-ng-native.a(uip-ds6-nbr.o)
                                        0x1d8 (size before relaxing)
 .eh_frame      0x00000000000169e8      0x148 build/native/contiki-ng-native.a(tcpip.o)
                                        0x160 (size before relaxing)
 .eh_frame      0x0000000000016b30      0x1a8 build/native/contiki-ng-native.a(uip6.o)
                                        0x1c0 (size before relaxing)
 .eh_frame      0x0000000000016cd8       0x60 build/native/contiki-ng-native.a(uip-nd6.o)
                                         0x78 (size before relaxing)
 .eh_frame      0x0000000000016d38       0xc0 build/native/contiki-ng-native.a(uiplib.o)
                                         0xd8 (size before relaxing)
 .eh_frame      0x0000000000016df8      0x1a8 build/native/contiki-ng-native.a(rpl.o)
                                        0x1c0 (size before relaxing)
 .eh_frame      0x0000000000016fa0      0x1d8 build/native/contiki-ng-native.a(rpl-icmp6.o)
                                        0x1f0 (size before relaxing)
 .eh_frame      0x0000000000017178       0xa8 build/native/contiki-ng-native.a(rpl-dag-root.o)
                                         0xc0 (size before relaxing)
 .eh_frame      0x0000000000017220      0x128 build/native/contiki-ng-native.a(platform.o)
                                        0x140 (size before relaxing)
 .eh_frame      0x0000000000017348       0x58 build/native/contiki-ng-native.a(clock.o)
                                         0x70 (size before relaxing)
 .eh_frame      0x00000000000173a0       0xf8 build/native/contiki-ng-native.a(tun6-net.o)
                                        0x110 (size before relaxing)
 .eh_frame      0x0000000000017498       0x50 build/native/contiki-ng-native.a(rtimer-arch.o)
                                         0x68 (size before relaxing)
 .eh_frame      0x00000000000174e8       0x68 build/native/contiki-ng-native.a(watchdog.o)
                                         0x80 (size before relaxing)
 .eh_frame      0x0000000000017550       0xa8 build/native/contiki-ng-native.a(stimer.o)
                                         0xc0 (size before relaxing)
 .eh_frame      0x00000000000175f8       0x70 build/native/contiki-ng-native.a(memb.o)
                                         0x88 (size before relaxing)
 .eh_frame      0x0000000000017668       0x30 build/native/contiki-ng-native.a(random.o)
                                         0x48 (size before relaxing)
 .eh_frame      0x0000000000017698      0x138 build/native/contiki-ng-native.a(button-hal.o)
                                        0x150 (size before relaxing)
 .eh_frame      0x00000000000177d0       0x80 build/native/contiki-ng-native.a(serial-line.o)
                                         0x98 (size before relaxing)
 .eh_frame      0x0000000000017850       0xb8 build/native/contiki-ng-native.a(leds.o)
                                         0xd0 (size before relaxing)
 .eh_frame      0x0000000000017908      0x118 build/native/contiki-ng-native.a(nullradio.o)
                                        0x130 (size before relaxing)
 .eh_frame      0x0000000000017a20       0xc8 build/native/contiki-ng-native.a(gpio-hal.o)
                                         0xe0 (size before relaxing)
 .eh_frame      0x0000000000017ae8      0x190 build/native/contiki-ng-native.a(nbr-table.o)
                                        0x1a8 (size before relaxing)
 .eh_frame      0x0000000000017c78      0x128 build/native/contiki-ng-native.a(link-stats.o)
                                        0x140 (size before relaxing)
 .eh_frame      0x0000000000017da0      0x150 build/native/contiki-ng-native.a(uipbuf.o)
                                        0x168 (size before relaxing)
 .eh_frame      0x0000000000017ef0      0x180 build/native/contiki-ng-native.a(uip-icmp6.o)
                                        0x198 (size before relaxing)
 .eh_frame      0x0000000000018070      0x208 build/native/contiki-ng-native.a(uip-sr.o)
                                        0x220 (size before relaxing)
 .eh_frame      0x0000000000018278       0xb8 build/native/contiki-ng-native.a(uip-packetqueue)
                                         0xd0 (size before relaxing)
 .eh_frame      0x0000000000018330      0x348 build/native/contiki-ng-native.a(rpl-dag.o)
                                        0x360 (size before relaxing)
 .eh_frame      0x0000000000018678      0x280 build/native/contiki-ng-native.a(rpl-neighbor.o)
                                        0x298 (size before relaxing)
 .eh_frame      0x00000000000188f8      0x340 build/native/contiki-ng-native.a(rpl-timers.o)
                                        0x358 (size before relaxing)
 .eh_frame      0x0000000000018c38      0x160 build/native/contiki-ng-native.a(rpl-ext-header.)
                                        0x178 (size before relaxing)
 .eh_frame      0x0000000000018d98       0x50 build/native/contiki-ng-native.a(rpl-nbr-policy.)
                                         0x68 (size before relaxing)
 .eh_frame      0x0000000000018de8      0x178 build/native/contiki-ng-native.a(rpl-mrhof.o)
                                        0x190 (size before relaxing)
 .eh_frame      0x0000000000018f60       0x50 build/native/contiki-ng-native.a(int-master.o)
                                         0x68 (size before relaxing)
 .eh_frame      0x0000000000018fb0      0x130 build/native/contiki-ng-native.a(gpio-hal-arch.o)
                                        0x148 (size before relaxing)
 .eh_frame      0x00000000000190e0       0x68 build/native/contiki-ng-native.a(ringbuf.o)
                                         0x80 (size before relaxing)
 .eh_frame      0x0000000000019148       0x60 //usr/lib/x86_64-linux-gnu/libc_nonshared.a(elf-init.oS)
                                         0x78 (size before relaxing)
 .eh_frame      0x00000000000191a8       0x14 //usr/lib/x86_64-linux-gnu/libc_nonshared.a(atexit.oS)
                                         0x30 (size before relaxing)
 .eh_frame      0x00000000000191bc        0x4 /usr/lib/gcc/x86_64-linux-gnu/8/crtendS.o
 *(.eh_frame.*)

.gcc_except_table
 *(.gcc_except_table .gcc_except_table.*)

.gnu_extab
 *(.gnu_extab*)

.exception_ranges
 *(.exception_ranges .exception_ranges*)
                0x000000000001abf0                . = DATA_SEGMENT_ALIGN (CONSTANT (MAXPAGESIZE), CONSTANT (COMMONPAGESIZE))

.eh_frame
 *(.eh_frame)
 *(.eh_frame.*)

.gnu_extab
 *(.gnu_extab)

.gcc_except_table
 *(.gcc_except_table .gcc_except_table.*)

.exception_ranges
 *(.exception_ranges .exception_ranges*)

.tdata          0x000000000001abf0        0x0
                [!provide]                        PROVIDE (__tdata_start = .)
 *(.tdata .tdata.* .gnu.linkonce.td.*)

.tbss
 *(.tbss .tbss.* .gnu.linkonce.tb.*)
 *(.tcommon)

.preinit_array  0x000000000001abf0        0x0
                [!provide]                        PROVIDE (__preinit_array_start = .)
 *(.preinit_array)
                [!provide]                        PROVIDE (__preinit_array_end = .)

.init_array     0x000000000001abf0        0x8
                0x000000000001abf0                PROVIDE (__init_array_start = .)
 *(SORT_BY_INIT_PRIORITY(.init_array.*) SORT_BY_INIT_PRIORITY(.ctors.*))
 *(.init_array EXCLUDE_FILE(*crtend?.o *crtend.o *crtbegin?.o *crtbegin.o) .ctors)
 .init_array    0x000000000001abf0        0x8 /usr/lib/gcc/x86_64-linux-gnu/8/crtbeginS.o
                0x000000000001abf8                PROVIDE (__init_array_end = .)

.fini_array     0x000000000001abf8        0x8
                [!provide]                        PROVIDE (__fini_array_start = .)
 *(SORT_BY_INIT_PRIORITY(.fini_array.*) SORT_BY_INIT_PRIORITY(.dtors.*))
 *(.fini_array EXCLUDE_FILE(*crtend?.o *crtend.o *crtbegin?.o *crtbegin.o) .dtors)
 .fini_array    0x000000000001abf8        0x8 /usr/lib/gcc/x86_64-linux-gnu/8/crtbeginS.o
                [!provide]                        PROVIDE (__fini_array_end = .)

.ctors
 *crtbegin.o(.ctors)
 *crtbegin?.o(.ctors)
 *(EXCLUDE_FILE(*crtend?.o *crtend.o) .ctors)
 *(SORT_BY_NAME(.ctors.*))
 *(.ctors)

.dtors
 *crtbegin.o(.dtors)
 *crtbegin?.o(.dtors)
 *(EXCLUDE_FILE(*crtend?.o *crtend.o) .dtors)
 *(SORT_BY_NAME(.dtors.*))
 *(.dtors)

.jcr
 *(.jcr)

.data.rel.ro    0x000000000001ac00      0x1e8
 *(.data.rel.ro.local* .gnu.linkonce.d.rel.ro.local.*)
 .data.rel.ro.local
                0x000000000001ac00       0x10 test.o
                0x000000000001ac00                autostart_processes
 *fill*         0x000000000001ac10       0x10 
 .data.rel.ro.local
                0x000000000001ac20       0x38 build/native/contiki-ng-native.a(nullmac.o)
                0x000000000001ac20                nullmac_driver
 *fill*         0x000000000001ac58        0x8 
 .data.rel.ro.local
                0x000000000001ac60       0x10 build/native/contiki-ng-native.a(platform.o)
 *fill*         0x000000000001ac70       0x10 
 .data.rel.ro.local
                0x000000000001ac80       0x30 build/native/contiki-ng-native.a(tun6-net.o)
                0x000000000001ac80                tun6_net_driver
 *fill*         0x000000000001acb0       0x10 
 .data.rel.ro.local
                0x000000000001acc0       0x70 build/native/contiki-ng-native.a(nullradio.o)
                0x000000000001acc0                nullradio_driver
 *(.data.rel.ro .data.rel.ro.* .gnu.linkonce.d.rel.ro.*)
 .data.rel.ro   0x000000000001ad30        0x0 /usr/lib/gcc/x86_64-linux-gnu/8/../../../x86_64-linux-gnu/Scrt1.o
 *fill*         0x000000000001ad30       0x10 
 .data.rel.ro   0x000000000001ad40       0xa8 build/native/contiki-ng-native.a(rpl.o)
                0x000000000001ad40                rpl_lite_driver

.dynamic        0x000000000001ade8      0x1f0
 *(.dynamic)
 .dynamic       0x000000000001ade8      0x1f0 /usr/lib/gcc/x86_64-linux-gnu/8/../../../x86_64-linux-gnu/Scrt1.o
                0x000000000001ade8                _DYNAMIC

.got            0x000000000001afd8       0x28
 *(.got)
 .got           0x000000000001afd8       0x28 /usr/lib/gcc/x86_64-linux-gnu/8/../../../x86_64-linux-gnu/Scrt1.o
 *(.igot)
                0x000000000001bfe8                . = DATA_SEGMENT_RELRO_END (., (SIZEOF (.got.plt) >= 0x18)?0x18:0x0)

.got.plt        0x000000000001b000      0x110
 *(.got.plt)
 .got.plt       0x000000000001b000      0x110 /usr/lib/gcc/x86_64-linux-gnu/8/../../../x86_64-linux-gnu/Scrt1.o
                0x000000000001b000                _GLOBAL_OFFSET_TABLE_
 *(.igot.plt)

.data           0x000000000001b120      0x4e8
 *(.data .data.* .gnu.linkonce.d.*)
 .data          0x000000000001b120        0x4 /usr/lib/gcc/x86_64-linux-gnu/8/../../../x86_64-linux-gnu/Scrt1.o
                0x000000000001b120                data_start
                0x000000000001b120                __data_start
 .data          0x000000000001b124        0x0 /usr/lib/gcc/x86_64-linux-gnu/8/../../../x86_64-linux-gnu/crti.o
 .data          0x000000000001b124        0x0 /usr/lib/gcc/x86_64-linux-gnu/8/crtbeginS.o
 *fill*         0x000000000001b124        0x4 
 .data.rel.local
                0x000000000001b128        0x8 /usr/lib/gcc/x86_64-linux-gnu/8/crtbeginS.o
                0x000000000001b128                __dso_handle
 .data          0x000000000001b130        0x0 test.o
 *fill*         0x000000000001b130       0x10 
 .data.rel.local
                0x000000000001b140       0x20 test.o
                0x000000000001b140                test_proc
 .data          0x000000000001b160        0x0 build/native/contiki-ng-native.a(contiki-main.o)
 .data          0x000000000001b160        0x0 build/native/contiki-ng-native.a(autostart.o)
 .data          0x000000000001b160        0x0 build/native/contiki-ng-native.a(energest.o)
 .data          0x000000000001b160        0x0 build/native/contiki-ng-native.a(etimer.o)
 .data.rel.local
                0x000000000001b160       0x20 build/native/contiki-ng-native.a(etimer.o)
                0x000000000001b160                etimer_process
 .data          0x000000000001b180        0x4 build/native/contiki-ng-native.a(log.o)
                0x000000000001b180                curr_log_level_main
 *fill*         0x000000000001b184       0x1c 
 .data.rel.local
                0x000000000001b1a0      0x138 build/native/contiki-ng-native.a(log.o)
                0x000000000001b1a0                all_modules
 .data          0x000000000001b2d8        0x0 build/native/contiki-ng-native.a(ctimer.o)
 *fill*         0x000000000001b2d8        0x8 
 .data.rel.local
                0x000000000001b2e0       0x20 build/native/contiki-ng-native.a(ctimer.o)
                0x000000000001b2e0                ctimer_process
 .data          0x000000000001b300        0x0 build/native/contiki-ng-native.a(rtimer.o)
 .data          0x000000000001b300        0x0 build/native/contiki-ng-native.a(node-id.o)
 .data          0x000000000001b300        0x0 build/native/contiki-ng-native.a(process.o)
 .data          0x000000000001b300        0x0 build/native/contiki-ng-native.a(timer.o)
 .data          0x000000000001b300        0x0 build/native/contiki-ng-native.a(list.o)
 .data          0x000000000001b300        0x0 build/native/contiki-ng-native.a(queuebuf.o)
 .data.rel.local
                0x000000000001b300       0x38 build/native/contiki-ng-native.a(queuebuf.o)
 .data          0x000000000001b338        0x0 build/native/contiki-ng-native.a(packetbuf.o)
 .data          0x000000000001b338        0x0 build/native/contiki-ng-native.a(netstack.o)
 .data          0x000000000001b338        0x0 build/native/contiki-ng-native.a(linkaddr.o)
 .data          0x000000000001b338        0x0 build/native/contiki-ng-native.a(nullmac.o)
 .data          0x000000000001b338        0x0 build/native/contiki-ng-native.a(uip-ds6.o)
 .data          0x000000000001b338        0x0 build/native/contiki-ng-native.a(uip-ds6-route.o)
 *fill*         0x000000000001b338        0x8 
 .data.rel.local
                0x000000000001b340       0x18 build/native/contiki-ng-native.a(uip-ds6-route.o)
 .data          0x000000000001b358        0x0 build/native/contiki-ng-native.a(uip-ds6-nbr.o)
 *fill*         0x000000000001b358        0x8 
 .data.rel.local
                0x000000000001b360       0x18 build/native/contiki-ng-native.a(uip-ds6-nbr.o)
 .data          0x000000000001b378        0x0 build/native/contiki-ng-native.a(tcpip.o)
 *fill*         0x000000000001b378        0x8 
 .data.rel.local
                0x000000000001b380       0x20 build/native/contiki-ng-native.a(tcpip.o)
                0x000000000001b380                tcpip_process
 .data          0x000000000001b3a0        0x0 build/native/contiki-ng-native.a(uip6.o)
 .data          0x000000000001b3a0        0x0 build/native/contiki-ng-native.a(uip-nd6.o)
 .data.rel.local
                0x000000000001b3a0       0x18 build/native/contiki-ng-native.a(uip-nd6.o)
 .data          0x000000000001b3b8        0x0 build/native/contiki-ng-native.a(uiplib.o)
 .data          0x000000000001b3b8        0x0 build/native/contiki-ng-native.a(rpl.o)
 .data          0x000000000001b3b8        0x0 build/native/contiki-ng-native.a(rpl-icmp6.o)
 *fill*         0x000000000001b3b8        0x8 
 .data.rel.local
                0x000000000001b3c0       0x78 build/native/contiki-ng-native.a(rpl-icmp6.o)
 .data          0x000000000001b438        0x0 build/native/contiki-ng-native.a(rpl-dag-root.o)
 .data          0x000000000001b438        0x0 build/native/contiki-ng-native.a(platform.o)
 .data          0x000000000001b438        0x0 build/native/contiki-ng-native.a(clock.o)
 *fill*         0x000000000001b438        0x8 
 .data          0x000000000001b440       0x21 build/native/contiki-ng-native.a(tun6-net.o)
 .data          0x000000000001b461        0x0 build/native/contiki-ng-native.a(rtimer-arch.o)
 .data          0x000000000001b461        0x0 build/native/contiki-ng-native.a(watchdog.o)
 .data          0x000000000001b461        0x0 build/native/contiki-ng-native.a(stimer.o)
 .data          0x000000000001b461        0x0 build/native/contiki-ng-native.a(memb.o)
 .data          0x000000000001b461        0x0 build/native/contiki-ng-native.a(random.o)
 .data          0x000000000001b461        0x0 build/native/contiki-ng-native.a(button-hal.o)
 *fill*         0x000000000001b461       0x1f 
 .data.rel.local
                0x000000000001b480       0x20 build/native/contiki-ng-native.a(button-hal.o)
                0x000000000001b480                button_hal_process
 .data          0x000000000001b4a0        0x0 build/native/contiki-ng-native.a(serial-line.o)
 .data.rel.local
                0x000000000001b4a0       0x20 build/native/contiki-ng-native.a(serial-line.o)
                0x000000000001b4a0                serial_line_process
 .data          0x000000000001b4c0        0x0 build/native/contiki-ng-native.a(leds.o)
 .data          0x000000000001b4c0        0x0 build/native/contiki-ng-native.a(nullradio.o)
 .data          0x000000000001b4c0        0x0 build/native/contiki-ng-native.a(gpio-hal.o)
 .data          0x000000000001b4c0        0x0 build/native/contiki-ng-native.a(nbr-table.o)
 .data.rel.local
                0x000000000001b4c0       0x18 build/native/contiki-ng-native.a(nbr-table.o)
 .data          0x000000000001b4d8        0x0 build/native/contiki-ng-native.a(link-stats.o)
 *fill*         0x000000000001b4d8        0x8 
 .data.rel.local
                0x000000000001b4e0       0x18 build/native/contiki-ng-native.a(link-stats.o)
 .data          0x000000000001b4f8        0x0 build/native/contiki-ng-native.a(uipbuf.o)
 .data          0x000000000001b4f8        0x0 build/native/contiki-ng-native.a(uip-icmp6.o)
 *fill*         0x000000000001b4f8        0x8 
 .data.rel.local
                0x000000000001b500       0x38 build/native/contiki-ng-native.a(uip-icmp6.o)
 .data          0x000000000001b538        0x0 build/native/contiki-ng-native.a(uip-sr.o)
 *fill*         0x000000000001b538        0x8 
 .data.rel.local
                0x000000000001b540       0x18 build/native/contiki-ng-native.a(uip-sr.o)
 .data          0x000000000001b558        0x0 build/native/contiki-ng-native.a(uip-packetqueue)
 *fill*         0x000000000001b558        0x8 
 .data.rel.local
                0x000000000001b560       0x18 build/native/contiki-ng-native.a(uip-packetqueue)
 .data          0x000000000001b578        0x0 build/native/contiki-ng-native.a(rpl-dag.o)
 .data          0x000000000001b578        0x0 build/native/contiki-ng-native.a(rpl-neighbor.o)
 *fill*         0x000000000001b578        0x8 
 .data.rel.local
                0x000000000001b580       0x28 build/native/contiki-ng-native.a(rpl-neighbor.o)
                0x000000000001b580                rpl_neighbors
 .data          0x000000000001b5a8        0x0 build/native/contiki-ng-native.a(rpl-timers.o)
 .data          0x000000000001b5a8        0x0 build/native/contiki-ng-native.a(rpl-ext-header.)
 .data          0x000000000001b5a8        0x0 build/native/contiki-ng-native.a(rpl-nbr-policy.)
 .data          0x000000000001b5a8        0x0 build/native/contiki-ng-native.a(rpl-mrhof.o)
 *fill*         0x000000000001b5a8       0x18 
 .data.rel.local
                0x000000000001b5c0       0x48 build/native/contiki-ng-native.a(rpl-mrhof.o)
                0x000000000001b5c0                rpl_mrhof
 .data          0x000000000001b608        0x0 build/native/contiki-ng-native.a(buttons.o)
 .data          0x000000000001b608        0x0 build/native/contiki-ng-native.a(int-master.o)
 .data          0x000000000001b608        0x0 build/native/contiki-ng-native.a(gpio-hal-arch.o)
 .data          0x000000000001b608        0x0 build/native/contiki-ng-native.a(ringbuf.o)
 .data          0x000000000001b608        0x0 //usr/lib/x86_64-linux-gnu/libc_nonshared.a(elf-init.oS)
 .data          0x000000000001b608        0x0 //usr/lib/x86_64-linux-gnu/libc_nonshared.a(atexit.oS)
 .data          0x000000000001b608        0x0 /usr/lib/gcc/x86_64-linux-gnu/8/crtendS.o
 .data          0x000000000001b608        0x0 /usr/lib/gcc/x86_64-linux-gnu/8/../../../x86_64-linux-gnu/crtn.o

.tm_clone_table
                0x000000000001b608        0x0
 .tm_clone_table
                0x000000000001b608        0x0 /usr/lib/gcc/x86_64-linux-gnu/8/crtbeginS.o
 .tm_clone_table
                0x000000000001b608        0x0 /usr/lib/gcc/x86_64-linux-gnu/8/crtendS.o

.data1
 *(.data1)
                0x000000000001b608                _edata = .
                [!provide]                        PROVIDE (edata = .)
                0x000000000001b608                . = .
                0x000000000001b608                __bss_start = .

.bss            0x000000000001b620     0xdf20
 *(.dynbss)
 .dynbss        0x000000000001b620       0x28 /usr/lib/gcc/x86_64-linux-gnu/8/../../../x86_64-linux-gnu/Scrt1.o
                0x000000000001b620                stdout@@GLIBC_2.2.5
                0x000000000001b640                stderr@@GLIBC_2.2.5
 *(.bss .bss.* .gnu.linkonce.b.*)
 .bss           0x000000000001b648        0x0 /usr/lib/gcc/x86_64-linux-gnu/8/../../../x86_64-linux-gnu/Scrt1.o
 .bss           0x000000000001b648        0x0 /usr/lib/gcc/x86_64-linux-gnu/8/../../../x86_64-linux-gnu/crti.o
 .bss           0x000000000001b648        0x1 /usr/lib/gcc/x86_64-linux-gnu/8/crtbeginS.o
 .bss           0x000000000001b649        0x0 test.o
 .bss           0x000000000001b649        0x0 build/native/contiki-ng-native.a(contiki-main.o)
 .bss           0x000000000001b649        0x0 build/native/contiki-ng-native.a(autostart.o)
 .bss           0x000000000001b649        0x0 build/native/contiki-ng-native.a(energest.o)
 *fill*         0x000000000001b649        0x7 
 .bss           0x000000000001b650       0x10 build/native/contiki-ng-native.a(etimer.o)
 .bss           0x000000000001b660       0x2c build/native/contiki-ng-native.a(log.o)
                0x000000000001b660                curr_log_level_lwm2m
                0x000000000001b664                curr_log_level_snmp
                0x000000000001b668                curr_log_level_coap
                0x000000000001b66c                curr_log_level_6top
                0x000000000001b670                curr_log_level_framer
                0x000000000001b674                curr_log_level_mac
                0x000000000001b678                curr_log_level_nullnet
                0x000000000001b67c                curr_log_level_6lowpan
                0x000000000001b680                curr_log_level_ipv6
                0x000000000001b684                curr_log_level_tcpip
                0x000000000001b688                curr_log_level_rpl
 *fill*         0x000000000001b68c        0x4 
 .bss           0x000000000001b690       0x10 build/native/contiki-ng-native.a(ctimer.o)
 .bss           0x000000000001b6a0        0x8 build/native/contiki-ng-native.a(rtimer.o)
 .bss           0x000000000001b6a8        0x2 build/native/contiki-ng-native.a(node-id.o)
                0x000000000001b6a8                node_id
 *fill*         0x000000000001b6aa       0x16 
 .bss           0x000000000001b6c0      0x323 build/native/contiki-ng-native.a(process.o)
                0x000000000001b6c0                process_current
                0x000000000001b6c8                process_list
 .bss           0x000000000001b9e3        0x0 build/native/contiki-ng-native.a(timer.o)
 .bss           0x000000000001b9e3        0x0 build/native/contiki-ng-native.a(list.o)
 *fill*         0x000000000001b9e3       0x1d 
 .bss           0x000000000001ba00     0x2d80 build/native/contiki-ng-native.a(queuebuf.o)
 .bss           0x000000000001e780       0x86 build/native/contiki-ng-native.a(packetbuf.o)
 *fill*         0x000000000001e806        0x2 
 .bss           0x000000000001e808        0x8 build/native/contiki-ng-native.a(netstack.o)
 .bss           0x000000000001e810        0x0 build/native/contiki-ng-native.a(linkaddr.o)
 .bss           0x000000000001e810        0x0 build/native/contiki-ng-native.a(nullmac.o)
 .bss           0x000000000001e810       0x40 build/native/contiki-ng-native.a(uip-ds6.o)
 *fill*         0x000000000001e850       0x10 
 .bss           0x000000000001e860       0x70 build/native/contiki-ng-native.a(uip-ds6-route.o)
 *fill*         0x000000000001e8d0       0x10 
 .bss           0x000000000001e8e0     0x2580 build/native/contiki-ng-native.a(uip-ds6-nbr.o)
 .bss           0x0000000000020e60       0x20 build/native/contiki-ng-native.a(tcpip.o)
 .bss           0x0000000000020e80        0x8 build/native/contiki-ng-native.a(uip6.o)
                0x0000000000020e80                uip_last_proto
                0x0000000000020e82                uip_ext_len
                0x0000000000020e84                uip_ext_bitmap
 .bss           0x0000000000020e88       0x1a build/native/contiki-ng-native.a(uip-nd6.o)
 .bss           0x0000000000020ea2        0x0 build/native/contiki-ng-native.a(uiplib.o)
 .bss           0x0000000000020ea2        0x1 build/native/contiki-ng-native.a(rpl.o)
 .bss           0x0000000000020ea3        0x0 build/native/contiki-ng-native.a(rpl-icmp6.o)
 *fill*         0x0000000000020ea3        0xd 
 .bss           0x0000000000020eb0       0x11 build/native/contiki-ng-native.a(rpl-dag-root.o)
 *fill*         0x0000000000020ec1       0x1f 
 .bss           0x0000000000020ee0       0x60 build/native/contiki-ng-native.a(platform.o)
                0x0000000000020ee0                contiki_argc
 .bss           0x0000000000020f40        0x0 build/native/contiki-ng-native.a(clock.o)
 .bss           0x0000000000020f40        0x0 build/native/contiki-ng-native.a(tun6-net.o)
 .bss           0x0000000000020f40        0x0 build/native/contiki-ng-native.a(rtimer-arch.o)
 .bss           0x0000000000020f40        0x0 build/native/contiki-ng-native.a(watchdog.o)
 .bss           0x0000000000020f40        0x0 build/native/contiki-ng-native.a(stimer.o)
 .bss           0x0000000000020f40        0x0 build/native/contiki-ng-native.a(memb.o)
 .bss           0x0000000000020f40        0x0 build/native/contiki-ng-native.a(random.o)
 .bss           0x0000000000020f40       0x1c build/native/contiki-ng-native.a(button-hal.o)
 *fill*         0x0000000000020f5c        0x4 
 .bss           0x0000000000020f60      0x150 build/native/contiki-ng-native.a(serial-line.o)
 .bss           0x00000000000210b0        0x0 build/native/contiki-ng-native.a(leds.o)
 .bss           0x00000000000210b0        0x0 build/native/contiki-ng-native.a(nullradio.o)
 .bss           0x00000000000210b0        0x8 build/native/contiki-ng-native.a(gpio-hal.o)
 *fill*         0x00000000000210b8        0x8 
 .bss           0x00000000000210c0     0x16cc build/native/contiki-ng-native.a(nbr-table.o)
 *fill*         0x000000000002278c       0x14 
 .bss           0x00000000000227a0     0x12c0 build/native/contiki-ng-native.a(link-stats.o)
 .bss           0x0000000000023a60       0x1c build/native/contiki-ng-native.a(uipbuf.o)
 *fill*         0x0000000000023a7c        0x4 
 .bss           0x0000000000023a80       0x20 build/native/contiki-ng-native.a(uip-icmp6.o)
 .bss           0x0000000000023aa0     0x301c build/native/contiki-ng-native.a(uip-sr.o)
 *fill*         0x0000000000026abc        0x4 
 .bss           0x0000000000026ac0      0xab2 build/native/contiki-ng-native.a(uip-packetqueue)
 .bss           0x0000000000027572        0x0 build/native/contiki-ng-native.a(rpl-dag.o)
 *fill*         0x0000000000027572        0xe 
 .bss           0x0000000000027580     0x12c0 build/native/contiki-ng-native.a(rpl-neighbor.o)
 .bss           0x0000000000028840       0x80 build/native/contiki-ng-native.a(rpl-timers.o)
 .bss           0x00000000000288c0        0x0 build/native/contiki-ng-native.a(rpl-ext-header.)
 .bss           0x00000000000288c0       0x14 build/native/contiki-ng-native.a(rpl-nbr-policy.)
 .bss           0x00000000000288d4        0x0 build/native/contiki-ng-native.a(rpl-mrhof.o)
 *fill*         0x00000000000288d4        0x4 
 .bss           0x00000000000288d8        0x8 build/native/contiki-ng-native.a(buttons.o)
                0x00000000000288d8                button_hal_buttons
 .bss           0x00000000000288e0        0x4 build/native/contiki-ng-native.a(int-master.o)
 *fill*         0x00000000000288e4       0x1c 
 .bss           0x0000000000028900       0xa0 build/native/contiki-ng-native.a(gpio-hal-arch.o)
 .bss           0x00000000000289a0        0x0 build/native/contiki-ng-native.a(ringbuf.o)
 .bss           0x00000000000289a0        0x0 //usr/lib/x86_64-linux-gnu/libc_nonshared.a(elf-init.oS)
 .bss           0x00000000000289a0        0x0 //usr/lib/x86_64-linux-gnu/libc_nonshared.a(atexit.oS)
 .bss           0x00000000000289a0        0x0 /usr/lib/gcc/x86_64-linux-gnu/8/crtendS.o
 .bss           0x00000000000289a0        0x0 /usr/lib/gcc/x86_64-linux-gnu/8/../../../x86_64-linux-gnu/crtn.o
 *(COMMON)
 COMMON         0x00000000000289a0       0x30 build/native/contiki-ng-native.a(packetbuf.o)
                0x00000000000289a0                packetbuf_attrs
                0x00000000000289c0                packetbuf_addrs
 COMMON         0x00000000000289d0        0x8 build/native/contiki-ng-native.a(linkaddr.o)
                0x00000000000289d0                linkaddr_node_addr
 *fill*         0x00000000000289d8        0x8 
 COMMON         0x00000000000289e0      0x1f1 build/native/contiki-ng-native.a(uip-ds6.o)
                0x00000000000289e0                uip_ds6_prefix_list
                0x0000000000028a40                uip_ds6_timer_periodic
                0x0000000000028a60                uip_ds6_netif_addr_list_offset
                0x0000000000028a80                uip_ds6_if
                0x0000000000028bc0                uip_ds6_timer_ra
                0x0000000000028bd0                uip_ds6_addr_size
 COMMON         0x0000000000028bd1        0x1 build/native/contiki-ng-native.a(tcpip.o)
                0x0000000000028bd1                tcpip_event
 *fill*         0x0000000000028bd2        0xe 
 COMMON         0x0000000000028be0      0x690 build/native/contiki-ng-native.a(uip6.o)
                0x0000000000028be0                uip_slen
                0x0000000000028be8                uip_lladdr
                0x0000000000028bf0                uip_appdata
                0x0000000000028bf8                uip_flags
                0x0000000000028c00                uip_aligned_buf
                0x0000000000029100                uip_len
                0x0000000000029108                uip_sappdata
                0x0000000000029120                uip_udp_conns
                0x0000000000029260                uip_udp_conn
                0x0000000000029268                uip_conn
 COMMON         0x0000000000029270       0x10 build/native/contiki-ng-native.a(rpl.o)
                0x0000000000029270                rpl_multicast_addr
 COMMON         0x0000000000029280        0x8 build/native/contiki-ng-native.a(platform.o)
                0x0000000000029280                contiki_argv
 COMMON         0x0000000000029288        0x3 build/native/contiki-ng-native.a(button-hal.o)
                0x0000000000029288                button_hal_periodic_event
                0x0000000000029289                button_hal_press_event
                0x000000000002928a                button_hal_release_event
 COMMON         0x000000000002928b        0x1 build/native/contiki-ng-native.a(serial-line.o)
                0x000000000002928b                serial_line_event_message
 *fill*         0x000000000002928c       0x14 
 COMMON         0x00000000000292a0       0x40 build/native/contiki-ng-native.a(link-stats.o)
                0x00000000000292a0                periodic_timer
 COMMON         0x00000000000292e0      0x260 build/native/contiki-ng-native.a(rpl-dag.o)
                0x00000000000292e0                curr_instance
                0x0000000000029540                . = ALIGN ((. != 0x0)?0x8:0x1)

.lbss
 *(.dynlbss)
 *(.lbss .lbss.* .gnu.linkonce.lb.*)
 *(LARGE_COMMON)
                0x0000000000029540                . = ALIGN (0x8)
                0x0000000000029540                . = SEGMENT_START ("ldata-segment", .)

.lrodata
 *(.lrodata .lrodata.* .gnu.linkonce.lr.*)

.ldata          0x000000000002b540        0x0
 *(.ldata .ldata.* .gnu.linkonce.l.*)
                0x000000000002b540                . = ALIGN ((. != 0x0)?0x8:0x1)
                0x000000000002b540                . = ALIGN (0x8)
                0x000000000002b540                _end = .
                [!provide]                        PROVIDE (end = .)
                0x000000000002b540                . = DATA_SEGMENT_END (.)

.stab
 *(.stab)

.stabstr
 *(.stabstr)

.stab.excl
 *(.stab.excl)

.stab.exclstr
 *(.stab.exclstr)

.stab.index
 *(.stab.index)

.stab.indexstr
 *(.stab.indexstr)

.comment        0x0000000000000000       0x1c
 *(.comment)
 .comment       0x0000000000000000       0x1c /usr/lib/gcc/x86_64-linux-gnu/8/crtbeginS.o
                                         0x1d (size before relaxing)
 .comment       0x000000000000001c       0x1d test.o
 .comment       0x000000000000001c       0x1d build/native/contiki-ng-native.a(contiki-main.o)
 .comment       0x000000000000001c       0x1d build/native/contiki-ng-native.a(autostart.o)
 .comment       0x000000000000001c       0x1d build/native/contiki-ng-native.a(energest.o)
 .comment       0x000000000000001c       0x1d build/native/contiki-ng-native.a(etimer.o)
 .comment       0x000000000000001c       0x1d build/native/contiki-ng-native.a(log.o)
 .comment       0x000000000000001c       0x1d build/native/contiki-ng-native.a(ctimer.o)
 .comment       0x000000000000001c       0x1d build/native/contiki-ng-native.a(rtimer.o)
 .comment       0x000000000000001c       0x1d build/native/contiki-ng-native.a(node-id.o)
 .comment       0x000000000000001c       0x1d build/native/contiki-ng-native.a(process.o)
 .comment       0x000000000000001c       0x1d build/native/contiki-ng-native.a(timer.o)
 .comment       0x000000000000001c       0x1d build/native/contiki-ng-native.a(list.o)
 .comment       0x000000000000001c       0x1d build/native/contiki-ng-native.a(queuebuf.o)
 .comment       0x000000000000001c       0x1d build/native/contiki-ng-native.a(packetbuf.o)
 .comment       0x000000000000001c       0x1d build/native/contiki-ng-native.a(netstack.o)
 .comment       0x000000000000001c       0x1d build/native/contiki-ng-native.a(linkaddr.o)
 .comment       0x000000000000001c       0x1d build/native/contiki-ng-native.a(nullmac.o)
 .comment       0x000000000000001c       0x1d build/native/contiki-ng-native.a(uip-ds6.o)
 .comment       0x000000000000001c       0x1d build/native/contiki-ng-native.a(uip-ds6-route.o)
 .comment       0x000000000000001c       0x1d build/native/contiki-ng-native.a(uip-ds6-nbr.o)
 .comment       0x000000000000001c       0x1d build/native/contiki-ng-native.a(tcpip.o)
 .comment       0x000000000000001c       0x1d build/native/contiki-ng-native.a(uip6.o)
 .comment       0x000000000000001c       0x1d build/native/contiki-ng-native.a(uip-nd6.o)
 .comment       0x000000000000001c       0x1d build/native/contiki-ng-native.a(uiplib.o)
 .comment       0x000000000000001c       0x1d build/native/contiki-ng-native.a(rpl.o)
 .comment       0x000000000000001c       0x1d build/native/contiki-ng-native.a(rpl-icmp6.o)
 .comment       0x000000000000001c       0x1d build/native/contiki-ng-native.a(rpl-dag-root.o)
 .comment       0x000000000000001c       0x1d build/native/contiki-ng-native.a(platform.o)
 .comment       0x000000000000001c       0x1d build/native/contiki-ng-native.a(clock.o)
 .comment       0x000000000000001c       0x1d build/native/contiki-ng-native.a(tun6-net.o)
 .comment       0x000000000000001c       0x1d build/native/contiki-ng-native.a(rtimer-arch.o)
 .comment       0x000000000000001c       0x1d build/native/contiki-ng-native.a(watchdog.o)
 .comment       0x000000000000001c       0x1d build/native/contiki-ng-native.a(stimer.o)
 .comment       0x000000000000001c       0x1d build/native/contiki-ng-native.a(memb.o)
 .comment       0x000000000000001c       0x1d build/native/contiki-ng-native.a(random.o)
 .comment       0x000000000000001c       0x1d build/native/contiki-ng-native.a(button-hal.o)
 .comment       0x000000000000001c       0x1d build/native/contiki-ng-native.a(serial-line.o)
 .comment       0x000000000000001c       0x1d build/native/contiki-ng-native.a(leds.o)
 .comment       0x000000000000001c       0x1d build/native/contiki-ng-native.a(nullradio.o)
 .comment       0x000000000000001c       0x1d build/native/contiki-ng-native.a(gpio-hal.o)
 .comment       0x000000000000001c       0x1d build/native/contiki-ng-native.a(nbr-table.o)
 .comment       0x000000000000001c       0x1d build/native/contiki-ng-native.a(link-stats.o)
 .comment       0x000000000000001c       0x1d build/native/contiki-ng-native.a(uipbuf.o)
 .comment       0x000000000000001c       0x1d build/native/contiki-ng-native.a(uip-icmp6.o)
 .comment       0x000000000000001c       0x1d build/native/contiki-ng-native.a(uip-sr.o)
 .comment       0x000000000000001c       0x1d build/native/contiki-ng-native.a(uip-packetqueue)
 .comment       0x000000000000001c       0x1d build/native/contiki-ng-native.a(rpl-dag.o)
 .comment       0x000000000000001c       0x1d build/native/contiki-ng-native.a(rpl-neighbor.o)
 .comment       0x000000000000001c       0x1d build/native/contiki-ng-native.a(rpl-timers.o)
 .comment       0x000000000000001c       0x1d build/native/contiki-ng-native.a(rpl-ext-header.)
 .comment       0x000000000000001c       0x1d build/native/contiki-ng-native.a(rpl-nbr-policy.)
 .comment       0x000000000000001c       0x1d build/native/contiki-ng-native.a(rpl-mrhof.o)
 .comment       0x000000000000001c       0x1d build/native/contiki-ng-native.a(buttons.o)
 .comment       0x000000000000001c       0x1d build/native/contiki-ng-native.a(int-master.o)
 .comment       0x000000000000001c       0x1d build/native/contiki-ng-native.a(gpio-hal-arch.o)
 .comment       0x000000000000001c       0x1d build/native/contiki-ng-native.a(ringbuf.o)
 .comment       0x000000000000001c       0x1d /usr/lib/gcc/x86_64-linux-gnu/8/crtendS.o

.debug
 *(.debug)

.line
 *(.line)

.debug_srcinfo
 *(.debug_srcinfo)

.debug_sfnames
 *(.debug_sfnames)

.debug_aranges  0x0000000000000000      0xa70
 *(.debug_aranges)
 .debug_aranges
                0x0000000000000000       0x30 test.o
 .debug_aranges
                0x0000000000000030       0x30 build/native/contiki-ng-native.a(contiki-main.o)
 .debug_aranges
                0x0000000000000060       0x30 build/native/contiki-ng-native.a(autostart.o)
 .debug_aranges
                0x0000000000000090       0x30 build/native/contiki-ng-native.a(energest.o)
 .debug_aranges
                0x00000000000000c0       0x30 build/native/contiki-ng-native.a(etimer.o)
 .debug_aranges
                0x00000000000000f0       0x30 build/native/contiki-ng-native.a(log.o)
 .debug_aranges
                0x0000000000000120       0x30 build/native/contiki-ng-native.a(ctimer.o)
 .debug_aranges
                0x0000000000000150       0x30 build/native/contiki-ng-native.a(rtimer.o)
 .debug_aranges
                0x0000000000000180       0x30 build/native/contiki-ng-native.a(node-id.o)
 .debug_aranges
                0x00000000000001b0       0x30 build/native/contiki-ng-native.a(process.o)
 .debug_aranges
                0x00000000000001e0       0x30 build/native/contiki-ng-native.a(timer.o)
 .debug_aranges
                0x0000000000000210       0x30 build/native/contiki-ng-native.a(list.o)
 .debug_aranges
                0x0000000000000240       0x30 build/native/contiki-ng-native.a(queuebuf.o)
 .debug_aranges
                0x0000000000000270       0x30 build/native/contiki-ng-native.a(packetbuf.o)
 .debug_aranges
                0x00000000000002a0       0x30 build/native/contiki-ng-native.a(netstack.o)
 .debug_aranges
                0x00000000000002d0       0x30 build/native/contiki-ng-native.a(linkaddr.o)
 .debug_aranges
                0x0000000000000300       0x30 build/native/contiki-ng-native.a(nullmac.o)
 .debug_aranges
                0x0000000000000330       0x30 build/native/contiki-ng-native.a(uip-ds6.o)
 .debug_aranges
                0x0000000000000360       0x30 build/native/contiki-ng-native.a(uip-ds6-route.o)
 .debug_aranges
                0x0000000000000390       0x30 build/native/contiki-ng-native.a(uip-ds6-nbr.o)
 .debug_aranges
                0x00000000000003c0       0x30 build/native/contiki-ng-native.a(tcpip.o)
 .debug_aranges
                0x00000000000003f0       0x30 build/native/contiki-ng-native.a(uip6.o)
 .debug_aranges
                0x0000000000000420       0x30 build/native/contiki-ng-native.a(uip-nd6.o)
 .debug_aranges
                0x0000000000000450       0x30 build/native/contiki-ng-native.a(uiplib.o)
 .debug_aranges
                0x0000000000000480       0x30 build/native/contiki-ng-native.a(rpl.o)
 .debug_aranges
                0x00000000000004b0       0x30 build/native/contiki-ng-native.a(rpl-icmp6.o)
 .debug_aranges
                0x00000000000004e0       0x30 build/native/contiki-ng-native.a(rpl-dag-root.o)
 .debug_aranges
                0x0000000000000510       0x30 build/native/contiki-ng-native.a(platform.o)
 .debug_aranges
                0x0000000000000540       0x30 build/native/contiki-ng-native.a(clock.o)
 .debug_aranges
                0x0000000000000570       0x30 build/native/contiki-ng-native.a(tun6-net.o)
 .debug_aranges
                0x00000000000005a0       0x30 build/native/contiki-ng-native.a(rtimer-arch.o)
 .debug_aranges